
First and last name: Pop Adina
E-mail: adinap12@gmail.com
Password: trftg
Age: 17

First and last name: Constantin Marian
E-mail: mariancons5@gmail.com
Password: 22
Age: 22

First and last name: Marian Costea
E-mail: mari.costea23@yahoo.com
Password: NustiuInca34
Age: 15

First and last name: Popescu Ana Maria
E-mail: ana.popescu@gmail.com
Password: astazic4
Age: 17

First and last name: Castor Florian Cosmin
E-mail: cosmin12florin@gmail.com
Password: 15edcr54khl;
Age: 19

First and last name: Constantin Alexandra Alina
E-mail: ali74alex@gmail.com
Password: magandeamlacevaNU
Age: 27

First and last name: A B
E-mail: fg
Password: de
Age: 1

First and last name: Carmen Alin
E-mail: alincr2@gmail.com
Password: CarAl78
Age: 31

First and last name: Marian Constantin
E-mail: const12@gmail.vom
Password: bro12
Age: 16

First and last name: Marin Alin
E-mail: maria13@gmail.com
Password: ta56
Age: 18

First and last name: Axi Alina Maria
E-mail: axmaria3@gmail.com
Password: aaart
Age: 20

First and last name: Alina Mantea
E-mail: mantal12@gmail.com
Password: asas1
Age: 14

First and last name: Carmen Ctrina
E-mail: dfhjhgfg12@gmail.com
Password: atat13
Age: 18

First and last name: Constantin Marius 
E-mail: maricons@gmail.com
Password: tractor4
Age: 27

First and last name: A
E-mail: s
Password: asd
Age: 12


First and last name: Anamaria Cosmina
E-mail: amanc12@gmail.com
Password: atat1.
Age: 17

First and last name: A
E-mail: B
Password: C
Age: 1
First and last name: Carina Marin
E-mail: carm3@gmail.com
Password: fdr
Age: 23
